                                                                          
                                                                          
                                                                          
                                                                          
                                                                          
nnnn                                                                      
nnnn                                                                      
nn                                        C  Q                         nnn
nnn                                    Ennnnnnnn                   iiiiiin
nnn                                   nnnnnnnnnnnn                  '''nin
nnnn  D !                          nnnnnnnnnniiiinnn!               '''nii
nninnnnnq  !                       nnnnnnninnnnnnnnnn               '''nni
nninnnnnqqqq    !  L! qq        R nnnnnnnniinnnnnnnnnn R !         !'''nnn
nniiinn  nnnnnnnnn qqqq L  C qqnnnnnnnnnnnninnnnnnnnnnnnnqqq!     !nnnnnnn
nnnnnnnniinnnnnnnnnnnnnnnnnnnnnnnnnniiiiiiiiiiiiiiiinnnnnnnnnqqqqqnnnnnnnn
nnnnnnnnniii nnnnnnnnnnnnnnnnnnnnnnninn            iiinnnnnnnnnnnnnnnnnnnn
 nnnnnnnnnnnnnnnnnnnnn  i nnnnnnnnniin                  nnnnnnnnnnnnn    n
 nnnnnnnnnnn     nnnnnn innnnnnnnnnn                    nnnnnnnnnnn   nnnn