                        qqqqqqqqqqqq
                        q       xxxq
                        q ssss  xxxq
                        q       xxxq
                        q     qqqqqq
                        q # # qqqqqq
                        q     q     
                        q  wwwq     
                        q     q     
                        q #C# q     
                        q     q     
                        qwww  q     
                        q     q     
                        q # # q     
                        q   R q     
                        q  wwwq     
                        q     q     
                        q # # q     
                        q     q     
                        qwww  q     
                        q     q     
                        q # # q     
qqqqqqqqqqqqqqqqqqqqqqqqq     q     
q     @     @     @        wwwq     
q # # @ # # @ # # @ # #       q     
q     @     @     @       sss q     
q  ~  @     @     @    A`     q     
q  D  @     @     @   rqqqqqqqq     
qqqqqqqqqqqqqqqqqqqqqqqqqqqqqqq     