qqqqqqqqqqqqqqqqqqqqqqqqqqqqqqqqq                   
q                               q                   
q   sssss  sssss  sssss  sssss  q                   
q D~                            q                   
qqqqqqqq   # # #  # # #  # # #  q                   
       q  R                 R   q                   
       qwwwwww     sssss   wwwwwq                   
       q                        q                   
       q #  #       L      #  # q                   
qqqqqqqq                        q                   
q      q ssss     wwwwwww  ssss q                   
q ssss q                      C q                   
q   xxxq                        q                   
q   xxxq      C            wwwwwq                   
q   xxxq   wwwwww               q                   
q   qqqq                        q                   
q      q   # # #  # # #  # # #  q                   
q      q            E           q                   
q #  # q           wwwww        q         qqqqqqqqqq
q      q                        q         q        q
q y    q               E        q         q  ssss  q
q q    q                        q         q        q
q      q      qqqqqqqqqqqqqqqqqqq         q     `l q
q      q      q                           q        q
q #  # q      q                           q    qqqqq
q      qwwww  qqqqqqqqq                   q        q
q    y q              q                   q  #  #  q
q    q q     #  #     qqqqqqqqqqqqqqqqqqqqq        q
q      q               @     @     @     @   #  #  q
q      q    wwwwww     @ sss @ sss @ sss @         q
q ssss c               @     @     @     @   #  #  q
q      c     ssss      @ # # @ # # @ # # @    y   Jq
q y    c               @ R   @ C   @     @   rqqqqqq
qqqqqqqqqqqqqqqqqqqqqqqqqqqqqqqqqqqqqqqqqqqqqqqqqqqq