                           7777777777777           
                   7777777777          7777777777  
           777777777                       888  77 
           7        8888        88         888   7 
         777        8888        88               77
         77         8888   7777777           D  77 
        77hhhhh77777                    777777777  
       77          h   d             B 77          
      77           h         B      7777           
    777   88       h  777777777777777              
  777     88      77777                            
  7       88     77                                
  7 888          7                                 
 77 888       *777                                 
77  888      *77                                   
7           777                                    
77     pp   7                                      
777    pp   7                                      
 77  C pp 777                                      
  7777777777                                        