77777777777                                  
7         7777777777777777                   
77              88888    7777                
 7      888     88888       77               
77      888                  77              
7       888                   7              
77   D        C               77             
 77777777777777                7             
            777777777777* 888*77             
                     7777 88877              
                       77    7               
                        7    7               
                       77    77              
                      77      7              
                     77       77             
           77777777777        777777777777777
    777777777 88 h                       7777
    777  pp   88 h          888            77
    7    pp      h  d       888      88     7
    77   pp      h                   88 **777
    7777777777777777* R  ***     R   88 77777
    77777777777777777777777777777777777777777