iiiiiiiiiiiiiiiiiiiiiiiiiiiimmmm      
i ooo                         mm      
i ooo                          m      
i oooZ                         i      
iiiiiiiii           mmmmm&&&   i      
        ii                     i      
         ii                    i      
          ii    H  B    C      i      
           iiiiiiiiiiiimmmmiii i      
                        mmmmm+ u      
                            mm i      
                           mmi i      
                            mu u      
                             i i      
                             i i      
                             u u      
                             i i      
                             i i      
                             u u      
                             i i      
                             i i      
                             u u      
                             i i      
                             i i      
                             u u      
                             i i      
                             i i      
                             u u      
                             i i      
                             i i      
                             u u      
                             i i      
                         iiiii i      
                         i     u      
                         i     i      
                         i H D i      
                         iiiiiui      