 mmmmmmmmmmmmmmmm                                          
mmm             mmm                                        
mm  ppp           mmmmmmmmmmmmmmmm   mmmmmmmmmmmmmmmmmm    
mm  ppp           mmm            mmmmm                mmmm 
mmmZppp          mm                                      mm
 mmmmmmm         m                                       mm
  mmmm           h                                        m
  m              h                                        m
  mm VH V        h  d                      &&             m
  mmmmmmmm  CR B h                                       mm
         mmmmmmmmmmm     mmm                    &&      Dmm
                  mmmmmmmmmmmmmm     &&&               mmmm
                       mmmmmmmm+                        mm 
                              mm                        +m 
                               m                        mm 
                               m           ++          mmm 
                               m+++      ++mm    +++   ++m 
                               mmmm++++++mmmm++++mmm+++mmm 
                                  mmmmmmmmmmmmmmmmmmmmmmmm 