mmmmmmmmmmmmmmmmmmmmmmm                              
m                     mmmm                           
mm                       mmmmm                       
 mm                          mm                      
 m                            m                      
 mmmm D                       m                      
   mmmmmm    V    H           m                      
        mmmmmmmmmmmmm++       m                      
                    mmm       mm                     
                      mm       mmmmmmm               
                      mmm            mmmmmmmmmmmmmm  
                 mmmmm                            mmm
              mmmm                          pp      m
             mm               H             pp      m
       mmmmmmm            +mmmm         V   pp ++mmmm
     mmm              Z mmmm          mmmmmmmmmmmm   
     m               mmmm           mmmm             
     mm                           Vmm                
      m H                         mm                 
      mmm                     +mmmm                  
        mmmmmmmmmmmmmmmmmmmmmmmm                     