                                             bbbbbbbbb
                                             b   aaa b
                                             b   aaa b
                                             b   aaa b
                                             b  iiiiib
                                             b       b
                                             b       b
                                             b       b
                                             biiiii  b
                      mmmmmmmmmmmmmmmmmmmbbbbb       b
                    mmm                              b
                  mmm                                b
bbbbbbbbbbbbmmmmmmm                             iiiiib
b         mmm            H V                         b
b                        mmmmm                H      b
b                                     H bbbbbbbbbbbbbb
b  ~                               Z  mmm             
b  D                            mmmmmmm               
bbbbbbbbbbbbmmmm            mmmmm                     
              mmmm  Z    mmmm                         
                 mmmmmmmmm                            