 iiiiiiiiiiiiiiiiii                                                                    
 i                i                           iiiiiiiiiiiiiiiiiiiiiiiiiiiiiiiiiiiiiiiii
 i                iiiiiiiiiiiiiiiiiiiiiiiiiiiii        j                              i
 i                                                     j                         ooo  i
 i                                                     j                         ooo  i
 i  d                                                  j        Q                ooo  i
 i      R C                                            iiiiiiiiiiiiiiiiiiiiiiiiiiiiiiii
 iiiiiiiiiiiiiiiiiiiiiiii                      iiiiiiiii                               
                        i                      i   ooo i                               
                        i                      i   ooo i                               
                        i  u                   i CBooo i                               
                        iiiii               iiiihhhhhhhi                               
                        i                              i                               
               iiiiiiiiii                              iiiiiiiiiiiiiiiiiii             
               i                                       h                 i             
               i                                       h                 i             
               i                                       h              f  i             
               i D            u R         u  R         h          B      i             
               iiiiiiiiiiiiiiiiiiiiiiiiiiiiiiiiiiiiiiiiiiiiiiiiiiiiiiiiiii             