                7777777777777777777777777777777777777777                  
                7                                      7                  
                7                                      7                  
                7         88                           7                  
                7         88            88888          7                  
                7 8888          8888    88888          7                  
                7 8888   R      8888    88888          7                  
                7 8888   7777      H    88888          7                  
                7                  70       B          7                  
77777777777777777                  7777777777          7777777777777777777
7 8888                 888                      8888                     7
7 8888         88      888    88       88888    8888    888888           7
7 8888  888    88      888    88       88888    8888    888888           7
7   Q  R888 P         H                88888  77            P     B  W   7
77777777777777777    777           S   88888   7 H     7777777777777777777
                7    777      777777   88888   7777    7                  
                7    8888             X                7                  
                7    8888             77               7                  
                7         77          77           B   7                  
                7   R   A         H      977770A  9770 7                  
                777777777777777777777777777  777777  777                  