                                                  
                                            nnnnnn
nnnnn                                       nnnnnn
nnnnn                                         iiin
nnnnn                                          nni
niin                                            nn
nnn                   R F B                     nn
nnn           R      nnnnnnn              !PW B nn
nn          Hnnnnn   niiniin     B        nnnnnnnn
nn          nnnnnn              nnn     ! nnnnnnnn
nn                              ni      nnniinnnii
nnn RQ!A                              H! nnnnnnnnn
nnnnnnnn                              qqq nnniiiin
niiiinnn                             Annnnnnnnnnnn
nnnnnnnnn                            nnnnnnnnnnnnn
nii nn           !           B     Bnnnnnnnnnnnnnn
nni nn    R  !SR qqqq  XH nnnnn!S!nnnnnnniiiiinnnn
nnnnnn P  qq nnnnnnnqq nnnnnnnnnnnnnnnnnnnnnnnnnnn
niiiinnnnnnnnnnnnnnnnnnnnnnnnnnniiiiiiiinnnnnnnnnn
nnnnnnnnnniiiinnnnniiiiiinnnnnnnnnnnnnnnnnnnnnniii