                                                                         
                                                                         
                                                                         
                                                                         
                                                                         
               R                                     B                   
              wwwwww                             wwwwww                  
                                                                         
                                                                         
                       PH                   HP                           
                       ww                   ww                           
                                                                         
                                                                         
          R Q                    X S                     W B             
        wwwwwwwwwwww        wwwwwwwwwwwww        wwwwwwwwwwww            
                                                                         
                                                                         
                       AH                   HA                           
                       ww                   ww                           
                                                                         
                                                                         
               R                                      B                  
              wwwwww                             wwwwww                  
                                                                         
                                                                         
                                                                         
                                                                         
                                                                         